// Jest Snapshot v1, https://goo.gl/fbAQLP

exports[`ItemCardLayout Should render and match the default snapshot 1`] = `
<div
  className="relative flex justify-center items-start h-[600px] overflow-y-auto max-w-[600px] py-8  bg-white lg:min-w-[200px] min-w-full mt-0 mx-auto my-0 z-50"
>
  <div
    className="mx-0 lg:mx-auto my-0 w-full lg:w-auto px-4"
  >
    <div
      className="grid grid-cols-2 lg:grid-cols-2 gap-4 py-2"
    >
      <div>
        Div Component 1
      </div>
    </div>
  </div>
</div>
`;
