// Jest Snapshot v1, https://goo.gl/fbAQLP

exports[`ItemModal Should render and match the default snapshot 1`] = `null`;
